[21/05/2026 21:40] SISTEMA | LOAD | Dados carregados
[21/05/2026 21:40] SISTEMA | SEED | Dados iniciais criados
[21/05/2026 21:41] ERRO | admin | LOGIN | Credenciais invalidas
[21/05/2026 21:42] SUCESSO | fra | REGISTAR | Utilizador criado
[21/05/2026 21:42] SISTEMA | BACKUP | Dados guardados
[21/05/2026 22:06] SISTEMA | LOAD | Dados carregados
[21/05/2026 22:06] ERRO | adma | LOGIN | Credenciais invalidas
[21/05/2026 22:07] SUCESSO | 23345 | REGISTAR | Utilizador criado
[21/05/2026 22:07] SISTEMA | BACKUP | Dados guardados
[21/05/2026 22:08] SISTEMA | LOAD | Dados carregados
[21/05/2026 22:08] ERRO | nando | LOGIN | Credenciais invalidas
[21/05/2026 22:09] ERRO | aaaa | LOGIN | Credenciais invalidas
[21/05/2026 22:09] SUCESSO | franc | REGISTAR | Utilizador criado
[21/05/2026 22:13] SISTEMA | BACKUP | Dados guardados
[21/05/2026 22:13] SISTEMA | LOAD | Dados carregados
[21/05/2026 22:13] ERRO | admin | LOGIN | Credenciais invalidas
[21/05/2026 22:13] SUCESSO | admin | LOGIN | Autenticado como administrador
[21/05/2026 22:14] SUCESSO | admin | ALTERAR_PW | Password alterada
[21/05/2026 22:14] admin | LOGOUT | Logout do administrador
[21/05/2026 22:14] SISTEMA | BACKUP | Dados guardados
[21/05/2026 22:14] SISTEMA | LOAD | Dados carregados
[21/05/2026 22:14] SISTEMA | SEED | Dados iniciais criados
[21/05/2026 22:14] SUCESSO | admin | LOGIN | Autenticado como administrador
[21/05/2026 22:14] SUCESSO | admin | ALTERAR_PW | Password alterada
[21/05/2026 22:14] admin | LOGOUT | Logout do administrador
[21/05/2026 22:15] SUCESSO | franc | REGISTAR | Utilizador criado
[21/05/2026 22:15] SUCESSO | admin | LOGIN | Autenticado como administrador
[21/05/2026 22:16] SUCESSO | admin | VALIDAR_TECNICO | Tecnico #2 validado
[21/05/2026 22:17] admin | ATRIBUIR_TECNICO | Ticket #1 -> Tecnico #2
[21/05/2026 22:17] admin | LOGOUT | Logout do administrador
[21/05/2026 22:17] SUCESSO | franc | LOGIN | Autenticado como tecnico
[21/05/2026 22:17] franc | LISTAR_MEUS_TICKETS | Tickets do tecnico listados
[21/05/2026 22:17] franc | LOGOUT | Logout do tecnico
[21/05/2026 22:17] SUCESSO | admin | LOGIN | Autenticado como administrador
[21/05/2026 22:19] admin | LOGOUT | Logout do administrador
[21/05/2026 22:19] ERRO | dfgtyçlkokiujgtrfawssasfdgfhg | LOGIN | Credenciais invalidas
[21/05/2026 22:19] SUCESSO | rod | REGISTAR | Utilizador criado
[21/05/2026 22:19] SUCESSO | admin | LOGIN | Autenticado como administrador
[21/05/2026 22:20] admin | VER_HISTORICO | Historico de ticket consultado
[21/05/2026 22:20] admin | LOGOUT | Logout do administrador
[21/05/2026 22:20] ERRO | fran | LOGIN | Credenciais invalidas
[21/05/2026 22:20] SUCESSO | franc | LOGIN | Autenticado como tecnico
[21/05/2026 22:21] franc | LISTAR_MEUS_TICKETS | Tickets do tecnico listados
[21/05/2026 22:24] franc | ACEITAR_TICKET | Operacao cancelada
[21/05/2026 22:24] franc | LOGOUT | Logout do tecnico
[21/05/2026 22:24] SISTEMA | BACKUP | Dados guardados
[22/05/2026 10:24] SISTEMA | LOAD | Dados carregados
[22/05/2026 10:25] ERRO | admin | LOGIN | Credenciais invalidas
[22/05/2026 10:25] ERRO | admin | LOGIN | Password invalida
[22/05/2026 10:25] SUCESSO | admin | LOGIN | Autenticado como administrador
[22/05/2026 10:25] admin | LOGOUT | Logout do administrador
[22/05/2026 10:26] SISTEMA | BACKUP | Dados guardados
[22/05/2026 10:26] SISTEMA | LOAD | Dados carregados
[22/05/2026 10:26] ERRO | admin | LOGIN | Credenciais invalidas
[22/05/2026 10:26] ERRO | admin | LOGIN | Password invalida
[22/05/2026 10:26] SUCESSO | admin | LOGIN | Autenticado como administrador
[22/05/2026 10:26] SUCESSO | admin | CRIAR_TICKET | Ticket criado para 1212
[22/05/2026 10:28] admin | LOGOUT | Logout do administrador
[22/05/2026 10:28] SISTEMA | BACKUP | Dados guardados
[22/05/2026 10:28] SISTEMA | LOAD | Dados carregados
[22/05/2026 10:28] SUCESSO | admin | LOGIN | Autenticado como administrador
[22/05/2026 10:31] admin | LOGOUT | Logout do administrador
[22/05/2026 10:31] SISTEMA | BACKUP | Dados guardados
[22/05/2026 10:31] SISTEMA | LOAD | Dados carregados
[22/05/2026 10:31] SUCESSO | admin | LOGIN | Autenticado como administrador
[22/05/2026 10:31] admin | LOGOUT | Logout do administrador
[22/05/2026 10:31] SISTEMA | BACKUP | Dados guardados
[22/05/2026 10:32] SISTEMA | LOAD | Dados carregados
[22/05/2026 10:32] SUCESSO | admin | LOGIN | Autenticado como administrador
[22/05/2026 10:32] admin | LOGOUT | Logout do administrador
[22/05/2026 10:32] SISTEMA | BACKUP | Dados guardados
[22/05/2026 10:32] SISTEMA | LOAD | Dados carregados
[22/05/2026 10:32] SUCESSO | admin | LOGIN | Autenticado como administrador
[22/05/2026 10:34] admin | LOGOUT | Logout do administrador
[22/05/2026 10:34] SISTEMA | BACKUP | Dados guardados
[22/05/2026 10:34] SISTEMA | LOAD | Dados carregados
[22/05/2026 10:34] SUCESSO | admin | LOGIN | Autenticado como administrador
[22/05/2026 10:35] admin | LOGOUT | Logout do administrador
[22/05/2026 10:35] SISTEMA | BACKUP | Dados guardados
[22/05/2026 10:35] SISTEMA | LOAD | Dados carregados
[22/05/2026 10:35] SUCESSO | admin | LOGIN | Autenticado como administrador
[22/05/2026 10:41] admin | LOGOUT | Logout do administrador
[22/05/2026 10:41] SISTEMA | BACKUP | Dados guardados
[22/05/2026 10:41] SISTEMA | LOAD | Dados carregados
[22/05/2026 10:41] SUCESSO | admin | LOGIN | Autenticado como administrador
[22/05/2026 10:42] admin | LOGOUT | Logout do administrador
[22/05/2026 10:42] SISTEMA | BACKUP | Dados guardados
[22/05/2026 10:42] SISTEMA | LOAD | Dados carregados
[22/05/2026 10:42] SUCESSO | admin | LOGIN | Autenticado como administrador
[22/05/2026 10:44] admin | LOGOUT | Logout do administrador
[22/05/2026 10:44] SISTEMA | BACKUP | Dados guardados
[22/05/2026 10:45] SISTEMA | LOAD | Dados carregados
[22/05/2026 10:45] SUCESSO | admin | LOGIN | Autenticado como administrador
[22/05/2026 10:45] SUCESSO | admin | CRIAR_TICKET | Ticket criado para 234567
[22/05/2026 10:48] ERRO | admin | EDITAR_TICKET | Erro ao atualizar ticket
[22/05/2026 10:48] admin | LOGOUT | Logout do administrador
[22/05/2026 10:48] SISTEMA | BACKUP | Dados guardados
[22/05/2026 10:48] SISTEMA | LOAD | Dados carregados
[22/05/2026 10:48] SUCESSO | admin | LOGIN | Autenticado como administrador
[22/05/2026 10:48] ERRO | admin | EDITAR_TICKET | Erro ao atualizar ticket
[22/05/2026 10:51] ERRO | admin | REMOVER_TICKET | Erro ao remover ticket
[22/05/2026 10:51] admin | LOGOUT | Logout do administrador
[22/05/2026 10:51] SISTEMA | BACKUP | Dados guardados
[22/05/2026 10:51] SISTEMA | LOAD | Dados carregados
[22/05/2026 10:51] ERRO | ADMIN | LOGIN | Credenciais invalidas
[22/05/2026 10:51] SUCESSO | admin | LOGIN | Autenticado como administrador
[22/05/2026 10:51] ERRO | admin | REMOVER_TICKET | Erro ao remover ticket
[22/05/2026 10:52] admin | FILTRAR_TICKETS | Filtro por prioridade
[22/05/2026 10:52] ERRO | admin | ATRIBUIR_TECNICO | Erro ao atribuir tecnico
[22/05/2026 10:54] admin | VER_HISTORICO | Historico de ticket consultado
[22/05/2026 10:55] admin | TEMPO_MEDIO | Tempo medio por tecnico consultado
[22/05/2026 10:55] admin | LOGOUT | Logout do administrador
[22/05/2026 10:55] SISTEMA | BACKUP | Dados guardados
[22/05/2026 10:55] SISTEMA | LOAD | Dados carregados
[22/05/2026 10:55] SUCESSO | admin | LOGIN | Autenticado como administrador
[22/05/2026 10:55] admin | TEMPO_MEDIO | Tempo medio por tecnico consultado
[22/05/2026 10:55] admin | TEMPO_MEDIO | Tempo medio por categoria consultado
[22/05/2026 10:56] admin | LOGOUT | Logout do administrador
[22/05/2026 10:56] SISTEMA | BACKUP | Dados guardados
[22/05/2026 10:56] SISTEMA | LOAD | Dados carregados
[22/05/2026 10:56] SUCESSO | admin | LOGIN | Autenticado como administrador
[22/05/2026 10:56] admin | TEMPO_MEDIO | Tempo medio por tecnico consultado
[22/05/2026 10:56] admin | LOGOUT | Logout do administrador
[22/05/2026 10:56] SISTEMA | BACKUP | Dados guardados
[22/05/2026 10:56] SISTEMA | LOAD | Dados carregados
[22/05/2026 10:56] SUCESSO | admin | LOGIN | Autenticado como administrador
[22/05/2026 10:56] admin | TEMPO_MEDIO | Tempo medio por tecnico consultado
[22/05/2026 10:56] admin | LOGOUT | Logout do administrador
[22/05/2026 10:56] SISTEMA | BACKUP | Dados guardados
[22/05/2026 18:35] SISTEMA | LOAD | Dados carregados
[22/05/2026 18:35] SISTEMA | BACKUP | Dados guardados
[22/05/2026 18:42] SISTEMA | LOAD | Dados carregados
[22/05/2026 18:42] SUCESSO | admin | LOGIN | Autenticado como administrador
[22/05/2026 18:43] admin | LOGOUT | Logout do administrador
[22/05/2026 18:43] SISTEMA | BACKUP | Dados guardados
[22/05/2026 18:48] SISTEMA | LOAD | Dados carregados
[22/05/2026 18:48] SUCESSO | admin | LOGIN | Autenticado como administrador
[22/05/2026 18:48] SUCESSO | admin | REMOVER_TICKET | Ticket #1 removido
[22/05/2026 19:07] admin | LOGOUT | Logout do administrador
[22/05/2026 19:07] SISTEMA | BACKUP | Dados guardados
[22/05/2026 19:07] SISTEMA | LOAD | Dados carregados
[22/05/2026 19:07] SUCESSO | admin | LOGIN | Autenticado como administrador
[22/05/2026 19:07] admin | LOGOUT | Logout do administrador
[22/05/2026 19:07] SISTEMA | BACKUP | Dados guardados
[22/05/2026 19:33] SISTEMA | LOAD | Dados carregados
[22/05/2026 19:33] SUCESSO | admin | LOGIN | Autenticado como administrador
[22/05/2026 19:33] admin | FILTRAR_TICKETS | Filtro por prioridade
[22/05/2026 19:33] admin | FILTRAR_TICKETS | Filtro por tipo
[22/05/2026 19:33] admin | FILTRAR_TICKETS | Filtro por estado
[22/05/2026 19:33] admin | LOGOUT | Logout do administrador
[22/05/2026 19:33] SISTEMA | BACKUP | Dados guardados
[25/05/2026 21:25] SISTEMA | LOAD | Dados carregados
[25/05/2026 21:25] ERRO | admin | LOGIN | Credenciais invalidas
[25/05/2026 21:25] ERRO | admin | LOGIN | Password invalida
[25/05/2026 21:25] ERRO | admin | LOGIN | Credenciais invalidas
[25/05/2026 21:25] ERRO | admin | LOGIN | Password invalida
[25/05/2026 21:25] ERRO | SISTEMA | LOAD | Dados carregados parcialmente ou ficheiros inexistentes
[25/05/2026 21:25] SISTEMA | SEED | Dados iniciais criados
[25/05/2026 21:25] SUCESSO | admin | LOGIN | Autenticado como administrador
[25/05/2026 21:25] SUCESSO | admin | ALTERAR_PW | Password alterada
[25/05/2026 21:27] SUCESSO | admin | ALERTAS_SLA | Alertas SLA gerados
[25/05/2026 21:28] ERRO | SISTEMA | LOAD | Dados carregados parcialmente ou ficheiros inexistentes
[25/05/2026 21:28] SISTEMA | SEED | Dados iniciais criados
[25/05/2026 21:28] SUCESSO | admin | LOGIN | Autenticado como administrador
[25/05/2026 21:28] SUCESSO | admin | ALTERAR_PW | Password alterada
[25/05/2026 21:28] ERRO | admin | ALERTAS_SLA | Erro ao gerar alertas SLA
[25/05/2026 23:09] ERRO | SISTEMA | LOAD | Dados carregados parcialmente ou ficheiros inexistentes
[25/05/2026 23:09] SISTEMA | SEED | Dados iniciais criados
[25/05/2026 23:09] SISTEMA | BACKUP | Dados guardados
[26/05/2026 07:00] ERRO | SISTEMA | LOAD | Dados carregados parcialmente ou ficheiros inexistentes
[26/05/2026 07:00] SISTEMA | SEED | Dados iniciais criados
[26/05/2026 07:01] SUCESSO | admin | LOGIN | Autenticado como administrador
[26/05/2026 07:01] SUCESSO | admin | ALTERAR_PW | Password alterada
[26/05/2026 07:01] admin | LOGOUT | Logout do administrador
[26/05/2026 07:01] SUCESSO | anao | REGISTAR | Utilizador criado
[26/05/2026 07:01] SUCESSO | rodas | REGISTAR | Utilizador criado
[26/05/2026 07:01] SUCESSO | teste2 | REGISTAR | Utilizador criado
[26/05/2026 07:01] SUCESSO | teste4 | REGISTAR | Utilizador criado
[26/05/2026 07:01] SUCESSO | admin | LOGIN | Autenticado como administrador
[26/05/2026 07:03] admin | LOGOUT | Logout do administrador
[26/05/2026 07:03] SISTEMA | BACKUP | Dados guardados
[26/05/2026 07:03] SISTEMA | LOAD | Dados carregados
[26/05/2026 07:03] SUCESSO | admin | LOGIN | Autenticado como administrador
[26/05/2026 07:04] admin | LOGOUT | Logout do administrador
[26/05/2026 07:04] SISTEMA | BACKUP | Dados guardados
[26/05/2026 07:04] SISTEMA | LOAD | Dados carregados
[26/05/2026 07:04] SUCESSO | testeanao | REGISTAR | Utilizador criado
[26/05/2026 07:04] SUCESSO | admin | LOGIN | Autenticado como administrador
[26/05/2026 07:11] ERRO | admin | EDITAR_TICKET | Erro ao atualizar ticket
[26/05/2026 07:11] admin | LOGOUT | Logout do administrador
[26/05/2026 07:13] ERRO | SISTEMA | LOAD | Dados carregados parcialmente ou ficheiros inexistentes
[26/05/2026 07:13] SISTEMA | SEED | Dados iniciais criados
[26/05/2026 07:14] ERRO | SISTEMA | LOAD | Dados carregados parcialmente ou ficheiros inexistentes
[26/05/2026 07:14] SISTEMA | SEED | Dados iniciais criados
[26/05/2026 07:15] SUCESSO | admin | LOGIN | Autenticado como administrador
[26/05/2026 07:15] SUCESSO | admin | ALTERAR_PW | Password alterada
[26/05/2026 07:16] admin | VER_HISTORICO | Historico de ticket consultado
[26/05/2026 07:16] SUCESSO | admin | GERAR_RELATORIO | Relatorio mensal gerado
[26/05/2026 07:16] SUCESSO | admin | GERAR_RELATORIO | Relatorio semanal gerado
[26/05/2026 07:16] ERRO | admin | GERAR_RELATORIO | Erro ao gerar relatorio periodico
[26/05/2026 07:17] ERRO | admin | GERAR_RELATORIO | Erro ao gerar relatorio periodico
[26/05/2026 07:17] admin | LOGOUT | Logout do administrador
[26/05/2026 07:17] ERRO | SISTEMA | LOAD | Dados carregados parcialmente ou ficheiros inexistentes
[26/05/2026 07:17] SISTEMA | SEED | Dados iniciais criados
[26/05/2026 07:17] SUCESSO | admin | LOGIN | Autenticado como administrador
[26/05/2026 07:17] SUCESSO | admin | ALTERAR_PW | Password alterada
[26/05/2026 07:17] ERRO | admin | GERAR_RELATORIO | Erro ao gerar relatorio periodico
[26/05/2026 07:20] ERRO | SISTEMA | LOAD | Dados carregados parcialmente ou ficheiros inexistentes
[26/05/2026 07:20] SISTEMA | SEED | Dados iniciais criados
[26/05/2026 07:20] SUCESSO | admin | LOGIN | Autenticado como administrador
[26/05/2026 07:20] SUCESSO | admin | ALTERAR_PW | Password alterada
[26/05/2026 07:20] ERRO | admin | GERAR_RELATORIO | Erro ao gerar relatorio periodico
[26/05/2026 07:40] ERRO | SISTEMA | LOAD | Dados carregados parcialmente ou ficheiros inexistentes
[26/05/2026 07:40] SISTEMA | SEED | Dados iniciais criados
[26/05/2026 07:40] SUCESSO | admin | LOGIN | Autenticado como administrador
[26/05/2026 07:41] SUCESSO | admin | ALTERAR_PW | Password alterada
[26/05/2026 07:41] admin | LOGOUT | Logout do administrador
[26/05/2026 07:41] SUCESSO | admin | LOGIN | Autenticado como administrador
[26/05/2026 07:41] admin | LOGOUT | Logout do administrador
[26/05/2026 09:56] ERRO | SISTEMA | LOAD | Dados carregados parcialmente ou ficheiros inexistentes
[26/05/2026 09:56] SISTEMA | SEED | Dados iniciais criados
[26/05/2026 09:56] SUCESSO | admin | LOGIN | Autenticado como administrador
[26/05/2026 09:57] SUCESSO | admin | ALTERAR_PW | Password alterada
[26/05/2026 09:58] admin | LOGOUT | Logout do administrador
[26/05/2026 09:58] ERRO | SISTEMA | BACKUP | Erro ao guardar dados
[26/05/2026 09:58] ERRO | SISTEMA | LOAD | Dados carregados parcialmente ou ficheiros inexistentes
[26/05/2026 09:58] SISTEMA | SEED | Dados iniciais criados
[26/05/2026 09:58] SUCESSO | admin | LOGIN | Autenticado como administrador
[26/05/2026 09:59] SUCESSO | admin | CRIAR_TICKET | Ticket criado para Fernando
[26/05/2026 09:59] SUCESSO | admin | CRIAR_TICKET | Ticket criado para Mario
[26/05/2026 10:00] SUCESSO | admin | EDITAR_TICKET | Ticket #7 atualizado
[26/05/2026 10:00] admin | FILTRAR_TICKETS | Filtro por prioridade
[26/05/2026 10:00] admin | FILTRAR_TICKETS | Filtro por prioridade
[26/05/2026 10:00] admin | FILTRAR_TICKETS | Filtro por tipo
[26/05/2026 10:00] admin | ORDENAR_TICKETS | Ordenacao por data
[26/05/2026 10:01] admin | ORDENAR_TICKETS | Ordenacao por prioridade
[26/05/2026 10:01] admin | LOGOUT | Logout do administrador
[26/05/2026 10:01] SISTEMA | BACKUP | Dados guardados
[26/05/2026 10:01] SISTEMA | LOAD | Dados carregados
[26/05/2026 10:02] SUCESSO | admin | LOGIN | Autenticado como administrador
[26/05/2026 10:02] admin | FILTRAR_TICKETS | Filtro por prioridade
[26/05/2026 10:02] admin | FILTRAR_TICKETS | Filtro por tipo
[26/05/2026 10:02] admin | ORDENAR_TICKETS | Ordenacao por data
[26/05/2026 10:02] admin | ORDENAR_TICKETS | Ordenacao por prioridade
[26/05/2026 10:02] admin | LISTAR_CATEGORIAS | Categorias listadas
[26/05/2026 10:02] SUCESSO | admin | CRIAR_CATEGORIA | TipoTeste
[26/05/2026 10:02] admin | LISTAR_CATEGORIAS | Categorias listadas
[26/05/2026 10:03] SUCESSO | admin | EDITAR_CATEGORIA | Categoria atualizada
[26/05/2026 10:03] admin | LISTAR_CATEGORIAS | Categorias listadas
[26/05/2026 10:06] SUCESSO | admin | CRIAR_CATEGORIA | rodirigo
[26/05/2026 10:06] admin | LISTAR_CATEGORIAS | Categorias listadas
[26/05/2026 10:06] SUCESSO | admin | EDITAR_CATEGORIA | Categoria atualizada
[26/05/2026 10:06] admin | LISTAR_CATEGORIAS | Categorias listadas
[26/05/2026 10:06] admin | LISTAR_CATEGORIAS | Categorias listadas
[26/05/2026 10:06] SUCESSO | admin | CRIAR_CATEGORIA | asdtrfgty
[26/05/2026 10:06] admin | LISTAR_CATEGORIAS | Categorias listadas
[26/05/2026 10:07] SUCESSO | admin | EDITAR_CATEGORIA | Categoria atualizada
[26/05/2026 10:07] admin | LISTAR_CATEGORIAS | Categorias listadas
[26/05/2026 10:08] SUCESSO | admin | CRIAR_TICKET | Ticket criado para Andre
[26/05/2026 10:08] SUCESSO | admin | EDITAR_CATEGORIA | Categoria atualizada
[26/05/2026 10:08] admin | LOGOUT | Logout do administrador
[26/05/2026 10:08] SISTEMA | BACKUP | Dados guardados
